Archive member included to satisfy reference by file (symbol)

/usr/lib/gcc/arm-none-eabi/10.3.1/../../../arm-none-eabi/lib/thumb/v7e-m+fp/hard/libc_nano.a(lib_a-atexit.o)
                              /usr/lib/gcc/arm-none-eabi/10.3.1/../../../arm-none-eabi/lib/thumb/v7e-m+fp/hard/crt0.o (atexit)
/usr/lib/gcc/arm-none-eabi/10.3.1/../../../arm-none-eabi/lib/thumb/v7e-m+fp/hard/libc_nano.a(lib_a-exit.o)
                              /usr/lib/gcc/arm-none-eabi/10.3.1/../../../arm-none-eabi/lib/thumb/v7e-m+fp/hard/crt0.o (exit)
/usr/lib/gcc/arm-none-eabi/10.3.1/../../../arm-none-eabi/lib/thumb/v7e-m+fp/hard/libc_nano.a(lib_a-fini.o)
                              /usr/lib/gcc/arm-none-eabi/10.3.1/../../../arm-none-eabi/lib/thumb/v7e-m+fp/hard/crt0.o (__libc_fini_array)
/usr/lib/gcc/arm-none-eabi/10.3.1/../../../arm-none-eabi/lib/thumb/v7e-m+fp/hard/libc_nano.a(lib_a-impure.o)
                              /usr/lib/gcc/arm-none-eabi/10.3.1/../../../arm-none-eabi/lib/thumb/v7e-m+fp/hard/libc_nano.a(lib_a-exit.o) (_global_impure_ptr)
/usr/lib/gcc/arm-none-eabi/10.3.1/../../../arm-none-eabi/lib/thumb/v7e-m+fp/hard/libc_nano.a(lib_a-init.o)
                              /usr/lib/gcc/arm-none-eabi/10.3.1/../../../arm-none-eabi/lib/thumb/v7e-m+fp/hard/crt0.o (__libc_init_array)
/usr/lib/gcc/arm-none-eabi/10.3.1/../../../arm-none-eabi/lib/thumb/v7e-m+fp/hard/libc_nano.a(lib_a-memset.o)
                              /usr/lib/gcc/arm-none-eabi/10.3.1/../../../arm-none-eabi/lib/thumb/v7e-m+fp/hard/crt0.o (memset)
/usr/lib/gcc/arm-none-eabi/10.3.1/../../../arm-none-eabi/lib/thumb/v7e-m+fp/hard/libc_nano.a(lib_a-__atexit.o)
                              /usr/lib/gcc/arm-none-eabi/10.3.1/../../../arm-none-eabi/lib/thumb/v7e-m+fp/hard/libc_nano.a(lib_a-atexit.o) (__register_exitproc)
/usr/lib/gcc/arm-none-eabi/10.3.1/../../../arm-none-eabi/lib/thumb/v7e-m+fp/hard/libc_nano.a(lib_a-__call_atexit.o)
                              /usr/lib/gcc/arm-none-eabi/10.3.1/../../../arm-none-eabi/lib/thumb/v7e-m+fp/hard/libc_nano.a(lib_a-__atexit.o) (__call_exitprocs)
/usr/lib/gcc/arm-none-eabi/10.3.1/thumb/v7e-m+fp/hard/libgcc.a(_aeabi_uldivmod.o)
                              cmake/stm32cubemx/CMakeFiles/STM32_Drivers.dir/__/__/Drivers/STM32F4xx_HAL_Driver/Src/stm32f4xx_hal_rcc.c.obj (__aeabi_uldivmod)
/usr/lib/gcc/arm-none-eabi/10.3.1/thumb/v7e-m+fp/hard/libgcc.a(_udivmoddi4.o)
                              /usr/lib/gcc/arm-none-eabi/10.3.1/thumb/v7e-m+fp/hard/libgcc.a(_aeabi_uldivmod.o) (__udivmoddi4)
/usr/lib/gcc/arm-none-eabi/10.3.1/thumb/v7e-m+fp/hard/libgcc.a(_dvmd_tls.o)
                              /usr/lib/gcc/arm-none-eabi/10.3.1/thumb/v7e-m+fp/hard/libgcc.a(_aeabi_uldivmod.o) (__aeabi_ldiv0)
/usr/lib/gcc/arm-none-eabi/10.3.1/../../../arm-none-eabi/lib/thumb/v7e-m+fp/hard/libg_nano.a(lib_a-errno.o)
                              CMakeFiles/application.dir/Core/Src/sysmem.c.obj (__errno)

Discarded input sections

 .text          0x0000000000000000        0x0 /usr/lib/gcc/arm-none-eabi/10.3.1/thumb/v7e-m+fp/hard/crti.o
 .data          0x0000000000000000        0x0 /usr/lib/gcc/arm-none-eabi/10.3.1/thumb/v7e-m+fp/hard/crti.o
 .bss           0x0000000000000000        0x0 /usr/lib/gcc/arm-none-eabi/10.3.1/thumb/v7e-m+fp/hard/crti.o
 .data          0x0000000000000000        0x4 /usr/lib/gcc/arm-none-eabi/10.3.1/thumb/v7e-m+fp/hard/crtbegin.o
 .rodata        0x0000000000000000       0x24 /usr/lib/gcc/arm-none-eabi/10.3.1/thumb/v7e-m+fp/hard/crtbegin.o
 .text          0x0000000000000000       0x70 /usr/lib/gcc/arm-none-eabi/10.3.1/../../../arm-none-eabi/lib/thumb/v7e-m+fp/hard/crt0.o
 .data          0x0000000000000000        0x0 /usr/lib/gcc/arm-none-eabi/10.3.1/../../../arm-none-eabi/lib/thumb/v7e-m+fp/hard/crt0.o
 .bss           0x0000000000000000        0x0 /usr/lib/gcc/arm-none-eabi/10.3.1/../../../arm-none-eabi/lib/thumb/v7e-m+fp/hard/crt0.o
 .ARM.extab     0x0000000000000000        0x0 /usr/lib/gcc/arm-none-eabi/10.3.1/../../../arm-none-eabi/lib/thumb/v7e-m+fp/hard/crt0.o
 .ARM.exidx     0x0000000000000000       0x10 /usr/lib/gcc/arm-none-eabi/10.3.1/../../../arm-none-eabi/lib/thumb/v7e-m+fp/hard/crt0.o
 .debug_line    0x0000000000000000       0x87 /usr/lib/gcc/arm-none-eabi/10.3.1/../../../arm-none-eabi/lib/thumb/v7e-m+fp/hard/crt0.o
 .debug_info    0x0000000000000000       0x26 /usr/lib/gcc/arm-none-eabi/10.3.1/../../../arm-none-eabi/lib/thumb/v7e-m+fp/hard/crt0.o
 .debug_abbrev  0x0000000000000000       0x14 /usr/lib/gcc/arm-none-eabi/10.3.1/../../../arm-none-eabi/lib/thumb/v7e-m+fp/hard/crt0.o
 .debug_aranges
                0x0000000000000000       0x20 /usr/lib/gcc/arm-none-eabi/10.3.1/../../../arm-none-eabi/lib/thumb/v7e-m+fp/hard/crt0.o
 .debug_str     0x0000000000000000       0x98 /usr/lib/gcc/arm-none-eabi/10.3.1/../../../arm-none-eabi/lib/thumb/v7e-m+fp/hard/crt0.o
 .ARM.attributes
                0x0000000000000000       0x1c /usr/lib/gcc/arm-none-eabi/10.3.1/../../../arm-none-eabi/lib/thumb/v7e-m+fp/hard/crt0.o
[...]
Memory Configuration

Name             Origin             Length             Attributes
RAM              0x0000000020000000 0x0000000000020000 xrw
CCMRAM           0x0000000010000000 0x0000000000010000 xrw
FLASH            0x0000000008000000 0x0000000000100000 xr
*default*        0x0000000000000000 0xffffffffffffffff

Linker script and memory map

LOAD /usr/lib/gcc/arm-none-eabi/10.3.1/thumb/v7e-m+fp/hard/crti.o
LOAD /usr/lib/gcc/arm-none-eabi/10.3.1/thumb/v7e-m+fp/hard/crtbegin.o
LOAD /usr/lib/gcc/arm-none-eabi/10.3.1/../../../arm-none-eabi/lib/thumb/v7e-m+fp/hard/crt0.o
START GROUP
LOAD /usr/lib/gcc/arm-none-eabi/10.3.1/../../../arm-none-eabi/lib/thumb/v7e-m+fp/hard/libc_nano.a
LOAD /usr/lib/gcc/arm-none-eabi/10.3.1/../../../arm-none-eabi/lib/thumb/v7e-m+fp/hard/libm.a
END GROUP
LOAD CMakeFiles/application.dir/Core/Src/main.c.obj
LOAD CMakeFiles/application.dir/Core/Src/stm32f4xx_it.c.obj
LOAD CMakeFiles/application.dir/Core/Src/stm32f4xx_hal_msp.c.obj
LOAD CMakeFiles/application.dir/Core/Src/sysmem.c.obj
LOAD CMakeFiles/application.dir/Core/Src/syscalls.c.obj
LOAD CMakeFiles/application.dir/startup_stm32f407xx.s.obj
LOAD cmake/stm32cubemx/CMakeFiles/STM32_Drivers.dir/__/__/Core/Src/system_stm32f4xx.c.obj
LOAD cmake/stm32cubemx/CMakeFiles/STM32_Drivers.dir/__/__/Drivers/STM32F4xx_HAL_Driver/Src/stm32f4xx_ll_fsmc.c.obj
LOAD cmake/stm32cubemx/CMakeFiles/STM32_Drivers.dir/__/__/Drivers/STM32F4xx_HAL_Driver/Src/stm32f4xx_hal_nor.c.obj
LOAD cmake/stm32cubemx/CMakeFiles/STM32_Drivers.dir/__/__/Drivers/STM32F4xx_HAL_Driver/Src/stm32f4xx_hal_sram.c.obj
LOAD cmake/stm32cubemx/CMakeFiles/STM32_Drivers.dir/__/__/Drivers/STM32F4xx_HAL_Driver/Src/stm32f4xx_hal_nand.c.obj
LOAD cmake/stm32cubemx/CMakeFiles/STM32_Drivers.dir/__/__/Drivers/STM32F4xx_HAL_Driver/Src/stm32f4xx_hal_pccard.c.obj
LOAD cmake/stm32cubemx/CMakeFiles/STM32_Drivers.dir/__/__/Drivers/STM32F4xx_HAL_Driver/Src/stm32f4xx_hal_rcc.c.obj
LOAD cmake/stm32cubemx/CMakeFiles/STM32_Drivers.dir/__/__/Drivers/STM32F4xx_HAL_Driver/Src/stm32f4xx_hal_rcc_ex.c.obj
LOAD cmake/stm32cubemx/CMakeFiles/STM32_Drivers.dir/__/__/Drivers/STM32F4xx_HAL_Driver/Src/stm32f4xx_hal_flash.c.obj
LOAD cmake/stm32cubemx/CMakeFiles/STM32_Drivers.dir/__/__/Drivers/STM32F4xx_HAL_Driver/Src/stm32f4xx_hal_flash_ex.c.obj
LOAD cmake/stm32cubemx/CMakeFiles/STM32_Drivers.dir/__/__/Drivers/STM32F4xx_HAL_Driver/Src/stm32f4xx_hal_flash_ramfunc.c.obj
LOAD cmake/stm32cubemx/CMakeFiles/STM32_Drivers.dir/__/__/Drivers/STM32F4xx_HAL_Driver/Src/stm32f4xx_hal_gpio.c.obj
LOAD cmake/stm32cubemx/CMakeFiles/STM32_Drivers.dir/__/__/Drivers/STM32F4xx_HAL_Driver/Src/stm32f4xx_hal_dma_ex.c.obj
LOAD cmake/stm32cubemx/CMakeFiles/STM32_Drivers.dir/__/__/Drivers/STM32F4xx_HAL_Driver/Src/stm32f4xx_hal_dma.c.obj
LOAD cmake/stm32cubemx/CMakeFiles/STM32_Drivers.dir/__/__/Drivers/STM32F4xx_HAL_Driver/Src/stm32f4xx_hal_pwr.c.obj
LOAD cmake/stm32cubemx/CMakeFiles/STM32_Drivers.dir/__/__/Drivers/STM32F4xx_HAL_Driver/Src/stm32f4xx_hal_pwr_ex.c.obj
LOAD cmake/stm32cubemx/CMakeFiles/STM32_Drivers.dir/__/__/Drivers/STM32F4xx_HAL_Driver/Src/stm32f4xx_hal_cortex.c.obj
LOAD cmake/stm32cubemx/CMakeFiles/STM32_Drivers.dir/__/__/Drivers/STM32F4xx_HAL_Driver/Src/stm32f4xx_hal.c.obj
LOAD cmake/stm32cubemx/CMakeFiles/STM32_Drivers.dir/__/__/Drivers/STM32F4xx_HAL_Driver/Src/stm32f4xx_hal_exti.c.obj
LOAD cmake/stm32cubemx/CMakeFiles/STM32_Drivers.dir/__/__/Drivers/STM32F4xx_HAL_Driver/Src/stm32f4xx_hal_tim.c.obj
LOAD cmake/stm32cubemx/CMakeFiles/STM32_Drivers.dir/__/__/Drivers/STM32F4xx_HAL_Driver/Src/stm32f4xx_hal_tim_ex.c.obj
START GROUP
LOAD /usr/lib/gcc/arm-none-eabi/10.3.1/thumb/v7e-m+fp/hard/libgcc.a
LOAD /usr/lib/gcc/arm-none-eabi/10.3.1/../../../arm-none-eabi/lib/thumb/v7e-m+fp/hard/libg_nano.a
LOAD /usr/lib/gcc/arm-none-eabi/10.3.1/../../../arm-none-eabi/lib/thumb/v7e-m+fp/hard/libc_nano.a
END GROUP
START GROUP
LOAD /usr/lib/gcc/arm-none-eabi/10.3.1/thumb/v7e-m+fp/hard/libgcc.a
LOAD /usr/lib/gcc/arm-none-eabi/10.3.1/../../../arm-none-eabi/lib/thumb/v7e-m+fp/hard/libc_nano.a
END GROUP
LOAD /usr/lib/gcc/arm-none-eabi/10.3.1/thumb/v7e-m+fp/hard/crtend.o
LOAD /usr/lib/gcc/arm-none-eabi/10.3.1/thumb/v7e-m+fp/hard/crtn.o
                0x0000000020020000                _estack = (ORIGIN (RAM) + LENGTH (RAM))
                0x0000000000002000                _Min_Heap_Size = 0x2000
                0x0000000000001200                _Min_Stack_Size = 0x1200

.isr_vector     0x0000000008000000      0x188
                0x0000000008000000                . = ALIGN (0x4)
 *(.isr_vector)
 .isr_vector    0x0000000008000000      0x188 CMakeFiles/application.dir/startup_stm32f407xx.s.obj
                0x0000000008000000                g_pfnVectors
                0x0000000008000188                . = ALIGN (0x4)

.text           0x0000000008000188     0x24d4
                0x0000000008000188                . = ALIGN (0x4)
 *(.text)
 .text          0x0000000008000188       0x88 /usr/lib/gcc/arm-none-eabi/10.3.1/thumb/v7e-m+fp/hard/crtbegin.o
 .text          0x0000000008000210       0x48 /usr/lib/gcc/arm-none-eabi/10.3.1/../../../arm-none-eabi/lib/thumb/v7e-m+fp/hard/libc_nano.a(lib_a-init.o)
                0x0000000008000210                __libc_init_array
 .text          0x0000000008000258       0xa4 /usr/lib/gcc/arm-none-eabi/10.3.1/../../../arm-none-eabi/lib/thumb/v7e-m+fp/hard/libc_nano.a(lib_a-memset.o)
                0x0000000008000258                memset
 .text          0x00000000080002fc       0x30 /usr/lib/gcc/arm-none-eabi/10.3.1/thumb/v7e-m+fp/hard/libgcc.a(_aeabi_uldivmod.o)
                0x00000000080002fc                __aeabi_uldivmod
 .text          0x000000000800032c      0x2d0 /usr/lib/gcc/arm-none-eabi/10.3.1/thumb/v7e-m+fp/hard/libgcc.a(_udivmoddi4.o)
                0x000000000800032c                __udivmoddi4
 .text          0x00000000080005fc        0x4 /usr/lib/gcc/arm-none-eabi/10.3.1/thumb/v7e-m+fp/hard/libgcc.a(_dvmd_tls.o)
                0x00000000080005fc                __aeabi_ldiv0
                0x00000000080005fc                __aeabi_idiv0
 *(.text*)
 .text.CredibleKeyState
                0x0000000008000600       0x50 CMakeFiles/application.dir/Core/Src/main.c.obj
 .text.ambulance_alert
                0x0000000008000650       0x64 CMakeFiles/application.dir/Core/Src/main.c.obj
 .text.electronic_bike_alert
                0x00000000080006b4       0x64 CMakeFiles/application.dir/Core/Src/main.c.obj
 .text.buzzer   0x0000000008000718       0x60 CMakeFiles/application.dir/Core/Src/main.c.obj
 .text.main     0x0000000008000778       0xd0 CMakeFiles/application.dir/Core/Src/main.c.obj
                0x0000000008000778                main
 .text.SystemClock_Config
                0x0000000008000848       0xd4 CMakeFiles/application.dir/Core/Src/main.c.obj
                0x0000000008000848                SystemClock_Config
 .text.MX_TIM2_Init
                0x000000000800091c       0x98 CMakeFiles/application.dir/Core/Src/main.c.obj
 .text.MX_GPIO_Init
                0x00000000080009b4      0x1e4 CMakeFiles/application.dir/Core/Src/main.c.obj
 .text.MX_FSMC_Init
                0x0000000008000b98       0xf4 CMakeFiles/application.dir/Core/Src/main.c.obj
 .text.Error_Handler
                0x0000000008000c8c        0xa CMakeFiles/application.dir/Core/Src/main.c.obj
                0x0000000008000c8c                Error_Handler
 .text.NMI_Handler
                0x0000000008000c96        0x6 CMakeFiles/application.dir/Core/Src/stm32f4xx_it.c.obj
                0x0000000008000c96                NMI_Handler
 .text.HardFault_Handler
                0x0000000008000c9c        0x6 CMakeFiles/application.dir/Core/Src/stm32f4xx_it.c.obj
                0x0000000008000c9c                HardFault_Handler
 .text.MemManage_Handler
                0x0000000008000ca2        0x6 CMakeFiles/application.dir/Core/Src/stm32f4xx_it.c.obj
                0x0000000008000ca2                MemManage_Handler
 .text.BusFault_Handler
                0x0000000008000ca8        0x6 CMakeFiles/application.dir/Core/Src/stm32f4xx_it.c.obj
                0x0000000008000ca8                BusFault_Handler
 .text.UsageFault_Handler
                0x0000000008000cae        0x6 CMakeFiles/application.dir/Core/Src/stm32f4xx_it.c.obj
                0x0000000008000cae                UsageFault_Handler
 .text.SVC_Handler
                0x0000000008000cb4        0xe CMakeFiles/application.dir/Core/Src/stm32f4xx_it.c.obj
                0x0000000008000cb4                SVC_Handler
 .text.DebugMon_Handler
                0x0000000008000cc2        0xe CMakeFiles/application.dir/Core/Src/stm32f4xx_it.c.obj
                0x0000000008000cc2                DebugMon_Handler
 .text.PendSV_Handler
                0x0000000008000cd0        0xe CMakeFiles/application.dir/Core/Src/stm32f4xx_it.c.obj
                0x0000000008000cd0                PendSV_Handler
 .text.SysTick_Handler
                0x0000000008000cde        0xc CMakeFiles/application.dir/Core/Src/stm32f4xx_it.c.obj
                0x0000000008000cde                SysTick_Handler
 *fill*         0x0000000008000cea        0x2 
 .text.HAL_MspInit
                0x0000000008000cec       0x50 CMakeFiles/application.dir/Core/Src/stm32f4xx_hal_msp.c.obj
                0x0000000008000cec                HAL_MspInit
 .text.HAL_TIM_Base_MspInit
                0x0000000008000d3c       0x40 CMakeFiles/application.dir/Core/Src/stm32f4xx_hal_msp.c.obj
                0x0000000008000d3c                HAL_TIM_Base_MspInit
 .text.HAL_FSMC_MspInit
                0x0000000008000d7c       0xbc CMakeFiles/application.dir/Core/Src/stm32f4xx_hal_msp.c.obj
 .text.HAL_SRAM_MspInit
                0x0000000008000e38       0x14 CMakeFiles/application.dir/Core/Src/stm32f4xx_hal_msp.c.obj
                0x0000000008000e38                HAL_SRAM_MspInit
 .text.Reset_Handler
                0x0000000008000e4c       0x50 CMakeFiles/application.dir/startup_stm32f407xx.s.obj
                0x0000000008000e4c                Reset_Handler
 .text.Default_Handler
                0x0000000008000e9c        0x2 CMakeFiles/application.dir/startup_stm32f407xx.s.obj
                0x0000000008000e9c                RTC_Alarm_IRQHandler
                0x0000000008000e9c                HASH_RNG_IRQHandler
                0x0000000008000e9c                EXTI2_IRQHandler
                0x0000000008000e9c                TIM8_CC_IRQHandler
                0x0000000008000e9c                TIM1_CC_IRQHandler
                0x0000000008000e9c                DMA2_Stream5_IRQHandler
                0x0000000008000e9c                DMA1_Stream5_IRQHandler
                0x0000000008000e9c                PVD_IRQHandler
                0x0000000008000e9c                SDIO_IRQHandler
                0x0000000008000e9c                TAMP_STAMP_IRQHandler
                0x0000000008000e9c                CAN2_RX1_IRQHandler
                0x0000000008000e9c                EXTI3_IRQHandler
                0x0000000008000e9c                TIM8_TRG_COM_TIM14_IRQHandler
                0x0000000008000e9c                TIM1_UP_TIM10_IRQHandler
                0x0000000008000e9c                TIM8_UP_TIM13_IRQHandler
                0x0000000008000e9c                I2C3_ER_IRQHandler
                0x0000000008000e9c                EXTI0_IRQHandler
                0x0000000008000e9c                I2C2_EV_IRQHandler
                0x0000000008000e9c                DMA1_Stream2_IRQHandler
                0x0000000008000e9c                CAN1_RX0_IRQHandler
                0x0000000008000e9c                FPU_IRQHandler
                0x0000000008000e9c                OTG_HS_WKUP_IRQHandler
                0x0000000008000e9c                CAN2_SCE_IRQHandler
                0x0000000008000e9c                DMA2_Stream2_IRQHandler
                0x0000000008000e9c                SPI1_IRQHandler
                0x0000000008000e9c                TIM6_DAC_IRQHandler
                0x0000000008000e9c                TIM1_BRK_TIM9_IRQHandler
                0x0000000008000e9c                DCMI_IRQHandler
                0x0000000008000e9c                CAN2_RX0_IRQHandler
                0x0000000008000e9c                DMA2_Stream3_IRQHandler
                0x0000000008000e9c                USART6_IRQHandler
                0x0000000008000e9c                USART3_IRQHandler
                0x0000000008000e9c                CAN1_RX1_IRQHandler
                0x0000000008000e9c                UART5_IRQHandler
                0x0000000008000e9c                DMA2_Stream0_IRQHandler
                0x0000000008000e9c                TIM4_IRQHandler
                0x0000000008000e9c                I2C1_EV_IRQHandler
                0x0000000008000e9c                DMA1_Stream6_IRQHandler
                0x0000000008000e9c                DMA1_Stream1_IRQHandler
                0x0000000008000e9c                UART4_IRQHandler
                0x0000000008000e9c                TIM3_IRQHandler
                0x0000000008000e9c                RCC_IRQHandler
                0x0000000008000e9c                TIM8_BRK_TIM12_IRQHandler
                0x0000000008000e9c                Default_Handler
                0x0000000008000e9c                EXTI15_10_IRQHandler
                0x0000000008000e9c                ADC_IRQHandler
                0x0000000008000e9c                DMA1_Stream7_IRQHandler
                0x0000000008000e9c                TIM7_IRQHandler
                0x0000000008000e9c                CAN2_TX_IRQHandler
                0x0000000008000e9c                TIM5_IRQHandler
                0x0000000008000e9c                DMA2_Stream7_IRQHandler
                0x0000000008000e9c                I2C3_EV_IRQHandler
                0x0000000008000e9c                EXTI9_5_IRQHandler
                0x0000000008000e9c                RTC_WKUP_IRQHandler
                0x0000000008000e9c                ETH_WKUP_IRQHandler
                0x0000000008000e9c                SPI2_IRQHandler
                0x0000000008000e9c                OTG_HS_EP1_IN_IRQHandler
                0x0000000008000e9c                DMA1_Stream0_IRQHandler
                0x0000000008000e9c                CAN1_TX_IRQHandler
                0x0000000008000e9c                EXTI4_IRQHandler
                0x0000000008000e9c                FSMC_IRQHandler
                0x0000000008000e9c                ETH_IRQHandler
                0x0000000008000e9c                OTG_HS_EP1_OUT_IRQHandler
                0x0000000008000e9c                WWDG_IRQHandler
                0x0000000008000e9c                TIM2_IRQHandler
                0x0000000008000e9c                OTG_FS_WKUP_IRQHandler
                0x0000000008000e9c                TIM1_TRG_COM_TIM11_IRQHandler
                0x0000000008000e9c                OTG_HS_IRQHandler
                0x0000000008000e9c                EXTI1_IRQHandler
                0x0000000008000e9c                USART2_IRQHandler
                0x0000000008000e9c                I2C2_ER_IRQHandler
                0x0000000008000e9c                DMA2_Stream1_IRQHandler
                0x0000000008000e9c                CAN1_SCE_IRQHandler
                0x0000000008000e9c                FLASH_IRQHandler
                0x0000000008000e9c                DMA2_Stream4_IRQHandler
                0x0000000008000e9c                USART1_IRQHandler
                0x0000000008000e9c                OTG_FS_IRQHandler
                0x0000000008000e9c                SPI3_IRQHandler
                0x0000000008000e9c                DMA1_Stream4_IRQHandler
                0x0000000008000e9c                I2C1_ER_IRQHandler
                0x0000000008000e9c                DMA2_Stream6_IRQHandler
                0x0000000008000e9c                DMA1_Stream3_IRQHandler
 *fill*         0x0000000008000e9e        0x2 
 .text.SystemInit
                0x0000000008000ea0       0x24 cmake/stm32cubemx/CMakeFiles/STM32_Drivers.dir/__/__/Core/Src/system_stm32f4xx.c.obj
                0x0000000008000ea0                SystemInit
 .text.FSMC_NORSRAM_Init
                0x0000000008000ec4       0xd4 cmake/stm32cubemx/CMakeFiles/STM32_Drivers.dir/__/__/Drivers/STM32F4xx_HAL_Driver/Src/stm32f4xx_ll_fsmc.c.obj
                0x0000000008000ec4                FSMC_NORSRAM_Init
 .text.FSMC_NORSRAM_Timing_Init
                0x0000000008000f98       0x6a cmake/stm32cubemx/CMakeFiles/STM32_Drivers.dir/__/__/Drivers/STM32F4xx_HAL_Driver/Src/stm32f4xx_ll_fsmc.c.obj
                0x0000000008000f98                FSMC_NORSRAM_Timing_Init
 *fill*         0x0000000008001002        0x2 
 .text.FSMC_NORSRAM_Extended_Timing_Init
                0x0000000008001004       0x70 cmake/stm32cubemx/CMakeFiles/STM32_Drivers.dir/__/__/Drivers/STM32F4xx_HAL_Driver/Src/stm32f4xx_ll_fsmc.c.obj
                0x0000000008001004                FSMC_NORSRAM_Extended_Timing_Init
 .text.HAL_SRAM_Init
                0x0000000008001074       0x90 cmake/stm32cubemx/CMakeFiles/STM32_Drivers.dir/__/__/Drivers/STM32F4xx_HAL_Driver/Src/stm32f4xx_hal_sram.c.obj
                0x0000000008001074                HAL_SRAM_Init
 .text.HAL_RCC_OscConfig
                0x0000000008001104      0x4f0 cmake/stm32cubemx/CMakeFiles/STM32_Drivers.dir/__/__/Drivers/STM32F4xx_HAL_Driver/Src/stm32f4xx_hal_rcc.c.obj
                0x0000000008001104                HAL_RCC_OscConfig
 .text.HAL_RCC_ClockConfig
                0x00000000080015f4      0x1cc cmake/stm32cubemx/CMakeFiles/STM32_Drivers.dir/__/__/Drivers/STM32F4xx_HAL_Driver/Src/stm32f4xx_hal_rcc.c.obj
                0x00000000080015f4                HAL_RCC_ClockConfig
 .text.HAL_RCC_GetSysClockFreq
                0x00000000080017c0      0x20c cmake/stm32cubemx/CMakeFiles/STM32_Drivers.dir/__/__/Drivers/STM32F4xx_HAL_Driver/Src/stm32f4xx_hal_rcc.c.obj
                0x00000000080017c0                HAL_RCC_GetSysClockFreq
 .text.HAL_GPIO_Init
                0x00000000080019cc      0x338 cmake/stm32cubemx/CMakeFiles/STM32_Drivers.dir/__/__/Drivers/STM32F4xx_HAL_Driver/Src/stm32f4xx_hal_gpio.c.obj
                0x00000000080019cc                HAL_GPIO_Init
 .text.HAL_GPIO_ReadPin
                0x0000000008001d04       0x30 cmake/stm32cubemx/CMakeFiles/STM32_Drivers.dir/__/__/Drivers/STM32F4xx_HAL_Driver/Src/stm32f4xx_hal_gpio.c.obj
                0x0000000008001d04                HAL_GPIO_ReadPin
 .text.HAL_GPIO_WritePin
                0x0000000008001d34       0x32 cmake/stm32cubemx/CMakeFiles/STM32_Drivers.dir/__/__/Drivers/STM32F4xx_HAL_Driver/Src/stm32f4xx_hal_gpio.c.obj
                0x0000000008001d34                HAL_GPIO_WritePin
 .text.HAL_GPIO_TogglePin
                0x0000000008001d66       0x34 cmake/stm32cubemx/CMakeFiles/STM32_Drivers.dir/__/__/Drivers/STM32F4xx_HAL_Driver/Src/stm32f4xx_hal_gpio.c.obj
                0x0000000008001d66                HAL_GPIO_TogglePin
 *fill*         0x0000000008001d9a        0x2 
 .text.__NVIC_SetPriorityGrouping
                0x0000000008001d9c       0x48 cmake/stm32cubemx/CMakeFiles/STM32_Drivers.dir/__/__/Drivers/STM32F4xx_HAL_Driver/Src/stm32f4xx_hal_cortex.c.obj
 .text.__NVIC_GetPriorityGrouping
                0x0000000008001de4       0x1c cmake/stm32cubemx/CMakeFiles/STM32_Drivers.dir/__/__/Drivers/STM32F4xx_HAL_Driver/Src/stm32f4xx_hal_cortex.c.obj
 .text.__NVIC_SetPriority
                0x0000000008001e00       0x54 cmake/stm32cubemx/CMakeFiles/STM32_Drivers.dir/__/__/Drivers/STM32F4xx_HAL_Driver/Src/stm32f4xx_hal_cortex.c.obj
 .text.NVIC_EncodePriority
                0x0000000008001e54       0x66 cmake/stm32cubemx/CMakeFiles/STM32_Drivers.dir/__/__/Drivers/STM32F4xx_HAL_Driver/Src/stm32f4xx_hal_cortex.c.obj
 *fill*         0x0000000008001eba        0x2 
 .text.SysTick_Config
                0x0000000008001ebc       0x44 cmake/stm32cubemx/CMakeFiles/STM32_Drivers.dir/__/__/Drivers/STM32F4xx_HAL_Driver/Src/stm32f4xx_hal_cortex.c.obj
 .text.HAL_NVIC_SetPriorityGrouping
                0x0000000008001f00       0x16 cmake/stm32cubemx/CMakeFiles/STM32_Drivers.dir/__/__/Drivers/STM32F4xx_HAL_Driver/Src/stm32f4xx_hal_cortex.c.obj
                0x0000000008001f00                HAL_NVIC_SetPriorityGrouping
 .text.HAL_NVIC_SetPriority
                0x0000000008001f16       0x38 cmake/stm32cubemx/CMakeFiles/STM32_Drivers.dir/__/__/Drivers/STM32F4xx_HAL_Driver/Src/stm32f4xx_hal_cortex.c.obj
                0x0000000008001f16                HAL_NVIC_SetPriority
 .text.HAL_SYSTICK_Config
                0x0000000008001f4e       0x18 cmake/stm32cubemx/CMakeFiles/STM32_Drivers.dir/__/__/Drivers/STM32F4xx_HAL_Driver/Src/stm32f4xx_hal_cortex.c.obj
                0x0000000008001f4e                HAL_SYSTICK_Config
 *fill*         0x0000000008001f66        0x2 
 .text.HAL_Init
                0x0000000008001f68       0x44 cmake/stm32cubemx/CMakeFiles/STM32_Drivers.dir/__/__/Drivers/STM32F4xx_HAL_Driver/Src/stm32f4xx_hal.c.obj
                0x0000000008001f68                HAL_Init
 .text.HAL_InitTick
                0x0000000008001fac       0x60 cmake/stm32cubemx/CMakeFiles/STM32_Drivers.dir/__/__/Drivers/STM32F4xx_HAL_Driver/Src/stm32f4xx_hal.c.obj
                0x0000000008001fac                HAL_InitTick
 .text.HAL_IncTick
                0x000000000800200c       0x28 cmake/stm32cubemx/CMakeFiles/STM32_Drivers.dir/__/__/Drivers/STM32F4xx_HAL_Driver/Src/stm32f4xx_hal.c.obj
                0x000000000800200c                HAL_IncTick
 .text.HAL_GetTick
                0x0000000008002034       0x18 cmake/stm32cubemx/CMakeFiles/STM32_Drivers.dir/__/__/Drivers/STM32F4xx_HAL_Driver/Src/stm32f4xx_hal.c.obj
                0x0000000008002034                HAL_GetTick
 .text.HAL_Delay
                0x000000000800204c       0x48 cmake/stm32cubemx/CMakeFiles/STM32_Drivers.dir/__/__/Drivers/STM32F4xx_HAL_Driver/Src/stm32f4xx_hal.c.obj
                0x000000000800204c                HAL_Delay
 .text.HAL_TIM_Base_Init
                0x0000000008002094       0x9e cmake/stm32cubemx/CMakeFiles/STM32_Drivers.dir/__/__/Drivers/STM32F4xx_HAL_Driver/Src/stm32f4xx_hal_tim.c.obj
                0x0000000008002094                HAL_TIM_Base_Init
 .text.HAL_TIM_ConfigClockSource
                0x0000000008002132      0x18e cmake/stm32cubemx/CMakeFiles/STM32_Drivers.dir/__/__/Drivers/STM32F4xx_HAL_Driver/Src/stm32f4xx_hal_tim.c.obj
                0x0000000008002132                HAL_TIM_ConfigClockSource
 .text.TIM_Base_SetConfig
                0x00000000080022c0      0x158 cmake/stm32cubemx/CMakeFiles/STM32_Drivers.dir/__/__/Drivers/STM32F4xx_HAL_Driver/Src/stm32f4xx_hal_tim.c.obj
                0x00000000080022c0                TIM_Base_SetConfig
 .text.TIM_TI1_ConfigInputStage
                0x0000000008002418       0x5e cmake/stm32cubemx/CMakeFiles/STM32_Drivers.dir/__/__/Drivers/STM32F4xx_HAL_Driver/Src/stm32f4xx_hal_tim.c.obj
 .text.TIM_TI2_ConfigInputStage
                0x0000000008002476       0x60 cmake/stm32cubemx/CMakeFiles/STM32_Drivers.dir/__/__/Drivers/STM32F4xx_HAL_Driver/Src/stm32f4xx_hal_tim.c.obj
 .text.TIM_ITRx_SetConfig
                0x00000000080024d6       0x36 cmake/stm32cubemx/CMakeFiles/STM32_Drivers.dir/__/__/Drivers/STM32F4xx_HAL_Driver/Src/stm32f4xx_hal_tim.c.obj
 .text.TIM_ETR_SetConfig
                0x000000000800250c       0x40 cmake/stm32cubemx/CMakeFiles/STM32_Drivers.dir/__/__/Drivers/STM32F4xx_HAL_Driver/Src/stm32f4xx_hal_tim.c.obj
                0x000000000800250c                TIM_ETR_SetConfig
 .text.HAL_TIMEx_MasterConfigSynchronization
                0x000000000800254c       0xf8 cmake/stm32cubemx/CMakeFiles/STM32_Drivers.dir/__/__/Drivers/STM32F4xx_HAL_Driver/Src/stm32f4xx_hal_tim_ex.c.obj
                0x000000000800254c                HAL_TIMEx_MasterConfigSynchronization
 *(.glue_7)
 .glue_7        0x0000000008002644        0x0 linker stubs
 *(.glue_7t)
 .glue_7t       0x0000000008002644        0x0 linker stubs
 *(.eh_frame)
 .eh_frame      0x0000000008002644        0x0 /usr/lib/gcc/arm-none-eabi/10.3.1/thumb/v7e-m+fp/hard/crtbegin.o
 *(.init)
 .init          0x0000000008002644        0x4 /usr/lib/gcc/arm-none-eabi/10.3.1/thumb/v7e-m+fp/hard/crti.o
                0x0000000008002644                _init
 .init          0x0000000008002648        0x8 /usr/lib/gcc/arm-none-eabi/10.3.1/thumb/v7e-m+fp/hard/crtn.o
 *(.fini)
 .fini          0x0000000008002650        0x4 /usr/lib/gcc/arm-none-eabi/10.3.1/thumb/v7e-m+fp/hard/crti.o
                0x0000000008002650                _fini
 .fini          0x0000000008002654        0x8 /usr/lib/gcc/arm-none-eabi/10.3.1/thumb/v7e-m+fp/hard/crtn.o
                0x000000000800265c                . = ALIGN (0x4)
                0x000000000800265c                _etext = .

.vfp11_veneer   0x000000000800265c        0x0
 .vfp11_veneer  0x000000000800265c        0x0 linker stubs

.v4_bx          0x000000000800265c        0x0
 .v4_bx         0x000000000800265c        0x0 linker stubs

.iplt           0x000000000800265c        0x0
 .iplt          0x000000000800265c        0x0 /usr/lib/gcc/arm-none-eabi/10.3.1/thumb/v7e-m+fp/hard/crtbegin.o

.rodata         0x000000000800265c       0x10
                0x000000000800265c                . = ALIGN (0x4)
 *(.rodata)
 *(.rodata*)
 .rodata.AHBPrescTable
                0x000000000800265c       0x10 cmake/stm32cubemx/CMakeFiles/STM32_Drivers.dir/__/__/Core/Src/system_stm32f4xx.c.obj
                0x000000000800265c                AHBPrescTable
                0x000000000800266c                . = ALIGN (0x4)

.ARM.extab      0x000000000800266c        0x0
                0x000000000800266c                . = ALIGN (0x4)
 *(.ARM.extab* .gnu.linkonce.armextab.*)
                0x000000000800266c                . = ALIGN (0x4)

.ARM            0x000000000800266c        0x8
                0x000000000800266c                . = ALIGN (0x4)
                0x000000000800266c                __exidx_start = .
 *(.ARM.exidx*)
 .ARM.exidx     0x000000000800266c        0x8 /usr/lib/gcc/arm-none-eabi/10.3.1/thumb/v7e-m+fp/hard/libgcc.a(_udivmoddi4.o)
                0x0000000008002674                __exidx_end = .
                0x0000000008002674                . = ALIGN (0x4)

.preinit_array  0x0000000008002674        0x0
                0x0000000008002674                . = ALIGN (0x4)
                0x0000000008002674                PROVIDE (__preinit_array_start = .)
 *(.preinit_array*)
                0x0000000008002674                PROVIDE (__preinit_array_end = .)
                0x0000000008002674                . = ALIGN (0x4)

.init_array     0x0000000008002674        0x4
                0x0000000008002674                . = ALIGN (0x4)
                0x0000000008002674                PROVIDE (__init_array_start = .)
 *(SORT_BY_NAME(.init_array.*))
 *(.init_array*)
 .init_array    0x0000000008002674        0x4 /usr/lib/gcc/arm-none-eabi/10.3.1/thumb/v7e-m+fp/hard/crtbegin.o
                0x0000000008002678                PROVIDE (__init_array_end = .)
                0x0000000008002678                . = ALIGN (0x4)

.fini_array     0x0000000008002678        0x4
                0x0000000008002678                . = ALIGN (0x4)
                0x0000000008002678                PROVIDE (__fini_array_start = .)
 *(SORT_BY_NAME(.fini_array.*))
 *(.fini_array*)
 .fini_array    0x0000000008002678        0x4 /usr/lib/gcc/arm-none-eabi/10.3.1/thumb/v7e-m+fp/hard/crtbegin.o
                0x000000000800267c                PROVIDE (__fini_array_end = .)
                0x000000000800267c                . = ALIGN (0x4)
                0x000000000800267c                _sidata = LOADADDR (.data)

.rel.dyn        0x000000000800267c        0x0
 .rel.iplt      0x000000000800267c        0x0 /usr/lib/gcc/arm-none-eabi/10.3.1/thumb/v7e-m+fp/hard/crtbegin.o

.data           0x0000000020000000       0x10 load address 0x000000000800267c
                0x0000000020000000                . = ALIGN (0x4)
                0x0000000020000000                _sdata = .
 *(.data)
 *(.data*)
 .data.i.0      0x0000000020000000        0x1 CMakeFiles/application.dir/Core/Src/main.c.obj
 *fill*         0x0000000020000001        0x3 
 .data.SystemCoreClock
                0x0000000020000004        0x4 cmake/stm32cubemx/CMakeFiles/STM32_Drivers.dir/__/__/Core/Src/system_stm32f4xx.c.obj
                0x0000000020000004                SystemCoreClock
 .data.uwTickPrio
                0x0000000020000008        0x4 cmake/stm32cubemx/CMakeFiles/STM32_Drivers.dir/__/__/Drivers/STM32F4xx_HAL_Driver/Src/stm32f4xx_hal.c.obj
                0x0000000020000008                uwTickPrio
 .data.uwTickFreq
                0x000000002000000c        0x1 cmake/stm32cubemx/CMakeFiles/STM32_Drivers.dir/__/__/Drivers/STM32F4xx_HAL_Driver/Src/stm32f4xx_hal.c.obj
                0x000000002000000c                uwTickFreq
 *(.RamFunc)
 *(.RamFunc*)
                0x0000000020000010                . = ALIGN (0x4)
 *fill*         0x000000002000000d        0x3 
                0x0000000020000010                _edata = .
                0x000000000800268c                _siccmram = LOADADDR (.ccmram)

.tm_clone_table
                0x0000000020000010        0x0 load address 0x000000000800268c
 .tm_clone_table
                0x0000000020000010        0x0 /usr/lib/gcc/arm-none-eabi/10.3.1/thumb/v7e-m+fp/hard/crtbegin.o
 .tm_clone_table
                0x0000000020000010        0x0 /usr/lib/gcc/arm-none-eabi/10.3.1/thumb/v7e-m+fp/hard/crtend.o

.igot.plt       0x0000000020000010        0x0 load address 0x000000000800268c
 .igot.plt      0x0000000020000010        0x0 /usr/lib/gcc/arm-none-eabi/10.3.1/thumb/v7e-m+fp/hard/crtbegin.o

.ccmram         0x0000000010000000        0x0 load address 0x000000000800268c
                0x0000000010000000                . = ALIGN (0x4)
                0x0000000010000000                _sccmram = .
 *(.ccmram)
 *(.ccmram*)
                0x0000000010000000                . = ALIGN (0x4)
                0x0000000010000000                _eccmram = .
                0x0000000010000000                . = ALIGN (0x4)

.bss            0x0000000020000010       0xbc
                0x0000000020000010                _sbss = .
                0x0000000020000010                __bss_start__ = _sbss
 *(.bss)
 .bss           0x0000000020000010       0x1c /usr/lib/gcc/arm-none-eabi/10.3.1/thumb/v7e-m+fp/hard/crtbegin.o
 *(.bss*)
 .bss.htim2     0x000000002000002c       0x48 CMakeFiles/application.dir/Core/Src/main.c.obj
                0x000000002000002c                htim2
 .bss.hsram3    0x0000000020000074       0x50 CMakeFiles/application.dir/Core/Src/main.c.obj
                0x0000000020000074                hsram3
 .bss.FSMC_Initialized
                0x00000000200000c4        0x4 CMakeFiles/application.dir/Core/Src/stm32f4xx_hal_msp.c.obj
 .bss.uwTick    0x00000000200000c8        0x4 cmake/stm32cubemx/CMakeFiles/STM32_Drivers.dir/__/__/Drivers/STM32F4xx_HAL_Driver/Src/stm32f4xx_hal.c.obj
                0x00000000200000c8                uwTick
 *(COMMON)
                0x00000000200000cc                . = ALIGN (0x4)
                0x00000000200000cc                _ebss = .
                0x00000000200000cc                __bss_end__ = _ebss

._user_heap_stack
                0x00000000200000cc     0x3204
                0x00000000200000d0                . = ALIGN (0x8)
 *fill*         0x00000000200000cc        0x4 
                [!provide]                        PROVIDE (end = .)
                0x00000000200000d0                PROVIDE (_end = .)
                0x00000000200020d0                . = (. + _Min_Heap_Size)
 *fill*         0x00000000200000d0     0x2000 
                0x00000000200032d0                . = (. + _Min_Stack_Size)
 *fill*         0x00000000200020d0     0x1200 
                0x00000000200032d0                . = ALIGN (0x8)

/DISCARD/
 libc.a(*)
 libm.a(*)
 libgcc.a(*)
OUTPUT(application.elf elf32-littlearm)
LOAD linker stubs
LOAD /usr/lib/gcc/arm-none-eabi/10.3.1/../../../arm-none-eabi/lib/thumb/v7e-m+fp/hard/libc.a
LOAD /usr/lib/gcc/arm-none-eabi/10.3.1/../../../arm-none-eabi/lib/thumb/v7e-m+fp/hard/libm.a
LOAD /usr/lib/gcc/arm-none-eabi/10.3.1/thumb/v7e-m+fp/hard/libgcc.a

.ARM.attributes
                0x0000000000000000       0x30
 .ARM.attributes
                0x0000000000000000       0x1e /usr/lib/gcc/arm-none-eabi/10.3.1/thumb/v7e-m+fp/hard/crti.o
 .ARM.attributes
                0x000000000000001e       0x34 /usr/lib/gcc/arm-none-eabi/10.3.1/thumb/v7e-m+fp/hard/crtbegin.o
 .ARM.attributes
                0x0000000000000052       0x34 /usr/lib/gcc/arm-none-eabi/10.3.1/../../../arm-none-eabi/lib/thumb/v7e-m+fp/hard/libc_nano.a(lib_a-init.o)
 .ARM.attributes
                0x0000000000000086       0x34 /usr/lib/gcc/arm-none-eabi/10.3.1/../../../arm-none-eabi/lib/thumb/v7e-m+fp/hard/libc_nano.a(lib_a-memset.o)
 .ARM.attributes
                0x00000000000000ba       0x34 CMakeFiles/application.dir/Core/Src/main.c.obj
 .ARM.attributes
                0x00000000000000ee       0x34 CMakeFiles/application.dir/Core/Src/stm32f4xx_it.c.obj
 .ARM.attributes
                0x0000000000000122       0x34 CMakeFiles/application.dir/Core/Src/stm32f4xx_hal_msp.c.obj
 .ARM.attributes
                0x0000000000000156       0x21 CMakeFiles/application.dir/startup_stm32f407xx.s.obj
 .ARM.attributes
                0x0000000000000177       0x34 cmake/stm32cubemx/CMakeFiles/STM32_Drivers.dir/__/__/Core/Src/system_stm32f4xx.c.obj
 .ARM.attributes
                0x00000000000001ab       0x34 cmake/stm32cubemx/CMakeFiles/STM32_Drivers.dir/__/__/Drivers/STM32F4xx_HAL_Driver/Src/stm32f4xx_ll_fsmc.c.obj
 .ARM.attributes
                0x00000000000001df       0x34 cmake/stm32cubemx/CMakeFiles/STM32_Drivers.dir/__/__/Drivers/STM32F4xx_HAL_Driver/Src/stm32f4xx_hal_sram.c.obj
 .ARM.attributes
                0x0000000000000213       0x34 cmake/stm32cubemx/CMakeFiles/STM32_Drivers.dir/__/__/Drivers/STM32F4xx_HAL_Driver/Src/stm32f4xx_hal_rcc.c.obj
 .ARM.attributes
                0x0000000000000247       0x34 cmake/stm32cubemx/CMakeFiles/STM32_Drivers.dir/__/__/Drivers/STM32F4xx_HAL_Driver/Src/stm32f4xx_hal_gpio.c.obj
 .ARM.attributes
                0x000000000000027b       0x34 cmake/stm32cubemx/CMakeFiles/STM32_Drivers.dir/__/__/Drivers/STM32F4xx_HAL_Driver/Src/stm32f4xx_hal_cortex.c.obj
 .ARM.attributes
                0x00000000000002af       0x34 cmake/stm32cubemx/CMakeFiles/STM32_Drivers.dir/__/__/Drivers/STM32F4xx_HAL_Driver/Src/stm32f4xx_hal.c.obj
 .ARM.attributes
                0x00000000000002e3       0x34 cmake/stm32cubemx/CMakeFiles/STM32_Drivers.dir/__/__/Drivers/STM32F4xx_HAL_Driver/Src/stm32f4xx_hal_tim.c.obj
 .ARM.attributes
                0x0000000000000317       0x34 cmake/stm32cubemx/CMakeFiles/STM32_Drivers.dir/__/__/Drivers/STM32F4xx_HAL_Driver/Src/stm32f4xx_hal_tim_ex.c.obj
 .ARM.attributes
                0x000000000000034b       0x1e /usr/lib/gcc/arm-none-eabi/10.3.1/thumb/v7e-m+fp/hard/libgcc.a(_aeabi_uldivmod.o)
 .ARM.attributes
                0x0000000000000369       0x34 /usr/lib/gcc/arm-none-eabi/10.3.1/thumb/v7e-m+fp/hard/libgcc.a(_udivmoddi4.o)
 .ARM.attributes
                0x000000000000039d       0x1e /usr/lib/gcc/arm-none-eabi/10.3.1/thumb/v7e-m+fp/hard/libgcc.a(_dvmd_tls.o)
 .ARM.attributes
                0x00000000000003bb       0x32 /usr/lib/gcc/arm-none-eabi/10.3.1/thumb/v7e-m+fp/hard/crtend.o
 .ARM.attributes
                0x00000000000003ed       0x1e /usr/lib/gcc/arm-none-eabi/10.3.1/thumb/v7e-m+fp/hard/crtn.o

.comment        0x0000000000000000       0x33
 .comment       0x0000000000000000       0x33 /usr/lib/gcc/arm-none-eabi/10.3.1/thumb/v7e-m+fp/hard/crtbegin.o
                                         0x34 (size before relaxing)
 .comment       0x0000000000000033       0x34 /usr/lib/gcc/arm-none-eabi/10.3.1/../../../arm-none-eabi/lib/thumb/v7e-m+fp/hard/libc_nano.a(lib_a-init.o)
 .comment       0x0000000000000033       0x34 /usr/lib/gcc/arm-none-eabi/10.3.1/../../../arm-none-eabi/lib/thumb/v7e-m+fp/hard/libc_nano.a(lib_a-memset.o)
 .comment       0x0000000000000033       0x34 CMakeFiles/application.dir/Core/Src/main.c.obj
 .comment       0x0000000000000033       0x34 CMakeFiles/application.dir/Core/Src/stm32f4xx_it.c.obj
 .comment       0x0000000000000033       0x34 CMakeFiles/application.dir/Core/Src/stm32f4xx_hal_msp.c.obj
 .comment       0x0000000000000033       0x34 cmake/stm32cubemx/CMakeFiles/STM32_Drivers.dir/__/__/Core/Src/system_stm32f4xx.c.obj
 .comment       0x0000000000000033       0x34 cmake/stm32cubemx/CMakeFiles/STM32_Drivers.dir/__/__/Drivers/STM32F4xx_HAL_Driver/Src/stm32f4xx_ll_fsmc.c.obj
 .comment       0x0000000000000033       0x34 cmake/stm32cubemx/CMakeFiles/STM32_Drivers.dir/__/__/Drivers/STM32F4xx_HAL_Driver/Src/stm32f4xx_hal_sram.c.obj
 .comment       0x0000000000000033       0x34 cmake/stm32cubemx/CMakeFiles/STM32_Drivers.dir/__/__/Drivers/STM32F4xx_HAL_Driver/Src/stm32f4xx_hal_rcc.c.obj
 .comment       0x0000000000000033       0x34 cmake/stm32cubemx/CMakeFiles/STM32_Drivers.dir/__/__/Drivers/STM32F4xx_HAL_Driver/Src/stm32f4xx_hal_gpio.c.obj
 .comment       0x0000000000000033       0x34 cmake/stm32cubemx/CMakeFiles/STM32_Drivers.dir/__/__/Drivers/STM32F4xx_HAL_Driver/Src/stm32f4xx_hal_cortex.c.obj
 .comment       0x0000000000000033       0x34 cmake/stm32cubemx/CMakeFiles/STM32_Drivers.dir/__/__/Drivers/STM32F4xx_HAL_Driver/Src/stm32f4xx_hal.c.obj
 .comment       0x0000000000000033       0x34 cmake/stm32cubemx/CMakeFiles/STM32_Drivers.dir/__/__/Drivers/STM32F4xx_HAL_Driver/Src/stm32f4xx_hal_tim.c.obj
 .comment       0x0000000000000033       0x34 cmake/stm32cubemx/CMakeFiles/STM32_Drivers.dir/__/__/Drivers/STM32F4xx_HAL_Driver/Src/stm32f4xx_hal_tim_ex.c.obj
 .comment       0x0000000000000033       0x34 /usr/lib/gcc/arm-none-eabi/10.3.1/thumb/v7e-m+fp/hard/libgcc.a(_udivmoddi4.o)
 .comment       0x0000000000000033       0x34 /usr/lib/gcc/arm-none-eabi/10.3.1/thumb/v7e-m+fp/hard/crtend.o

.debug_info     0x0000000000000000     0xaca7
 .debug_info    0x0000000000000000      0x11a /usr/lib/gcc/arm-none-eabi/10.3.1/../../../arm-none-eabi/lib/thumb/v7e-m+fp/hard/libc_nano.a(lib_a-init.o)
 .debug_info    0x000000000000011a      0x137 /usr/lib/gcc/arm-none-eabi/10.3.1/../../../arm-none-eabi/lib/thumb/v7e-m+fp/hard/libc_nano.a(lib_a-memset.o)
 .debug_info    0x0000000000000251     0x115c CMakeFiles/application.dir/Core/Src/main.c.obj
 .debug_info    0x00000000000013ad      0x119 CMakeFiles/application.dir/Core/Src/stm32f4xx_it.c.obj
 .debug_info    0x00000000000014c6      0xcb3 CMakeFiles/application.dir/Core/Src/stm32f4xx_hal_msp.c.obj
 .debug_info    0x0000000000002179       0x22 CMakeFiles/application.dir/startup_stm32f407xx.s.obj
 .debug_info    0x000000000000219b      0x50b cmake/stm32cubemx/CMakeFiles/STM32_Drivers.dir/__/__/Core/Src/system_stm32f4xx.c.obj
 .debug_info    0x00000000000026a6      0xa0b cmake/stm32cubemx/CMakeFiles/STM32_Drivers.dir/__/__/Drivers/STM32F4xx_HAL_Driver/Src/stm32f4xx_ll_fsmc.c.obj
 .debug_info    0x00000000000030b1      0xcc7 cmake/stm32cubemx/CMakeFiles/STM32_Drivers.dir/__/__/Drivers/STM32F4xx_HAL_Driver/Src/stm32f4xx_hal_sram.c.obj
 .debug_info    0x0000000000003d78      0x8f1 cmake/stm32cubemx/CMakeFiles/STM32_Drivers.dir/__/__/Drivers/STM32F4xx_HAL_Driver/Src/stm32f4xx_hal_rcc.c.obj
 .debug_info    0x0000000000004669      0x746 cmake/stm32cubemx/CMakeFiles/STM32_Drivers.dir/__/__/Drivers/STM32F4xx_HAL_Driver/Src/stm32f4xx_hal_gpio.c.obj
 .debug_info    0x0000000000004daf      0xe3f cmake/stm32cubemx/CMakeFiles/STM32_Drivers.dir/__/__/Drivers/STM32F4xx_HAL_Driver/Src/stm32f4xx_hal_cortex.c.obj
 .debug_info    0x0000000000005bee      0x91d cmake/stm32cubemx/CMakeFiles/STM32_Drivers.dir/__/__/Drivers/STM32F4xx_HAL_Driver/Src/stm32f4xx_hal.c.obj
 .debug_info    0x000000000000650b     0x2b76 cmake/stm32cubemx/CMakeFiles/STM32_Drivers.dir/__/__/Drivers/STM32F4xx_HAL_Driver/Src/stm32f4xx_hal_tim.c.obj
 .debug_info    0x0000000000009081     0x14c3 cmake/stm32cubemx/CMakeFiles/STM32_Drivers.dir/__/__/Drivers/STM32F4xx_HAL_Driver/Src/stm32f4xx_hal_tim_ex.c.obj
 .debug_info    0x000000000000a544       0x26 /usr/lib/gcc/arm-none-eabi/10.3.1/thumb/v7e-m+fp/hard/libgcc.a(_aeabi_uldivmod.o)
 .debug_info    0x000000000000a56a      0x717 /usr/lib/gcc/arm-none-eabi/10.3.1/thumb/v7e-m+fp/hard/libgcc.a(_udivmoddi4.o)
 .debug_info    0x000000000000ac81       0x26 /usr/lib/gcc/arm-none-eabi/10.3.1/thumb/v7e-m+fp/hard/libgcc.a(_dvmd_tls.o)

.debug_abbrev   0x0000000000000000     0x199f
 .debug_abbrev  0x0000000000000000       0xcc /usr/lib/gcc/arm-none-eabi/10.3.1/../../../arm-none-eabi/lib/thumb/v7e-m+fp/hard/libc_nano.a(lib_a-init.o)
 .debug_abbrev  0x00000000000000cc       0xb4 /usr/lib/gcc/arm-none-eabi/10.3.1/../../../arm-none-eabi/lib/thumb/v7e-m+fp/hard/libc_nano.a(lib_a-memset.o)
 .debug_abbrev  0x0000000000000180      0x259 CMakeFiles/application.dir/Core/Src/main.c.obj
 .debug_abbrev  0x00000000000003d9       0x61 CMakeFiles/application.dir/Core/Src/stm32f4xx_it.c.obj
 .debug_abbrev  0x000000000000043a      0x1e0 CMakeFiles/application.dir/Core/Src/stm32f4xx_hal_msp.c.obj
 .debug_abbrev  0x000000000000061a       0x12 CMakeFiles/application.dir/startup_stm32f407xx.s.obj
 .debug_abbrev  0x000000000000062c      0x116 cmake/stm32cubemx/CMakeFiles/STM32_Drivers.dir/__/__/Core/Src/system_stm32f4xx.c.obj
 .debug_abbrev  0x0000000000000742      0x181 cmake/stm32cubemx/CMakeFiles/STM32_Drivers.dir/__/__/Drivers/STM32F4xx_HAL_Driver/Src/stm32f4xx_ll_fsmc.c.obj
 .debug_abbrev  0x00000000000008c3      0x1cc cmake/stm32cubemx/CMakeFiles/STM32_Drivers.dir/__/__/Drivers/STM32F4xx_HAL_Driver/Src/stm32f4xx_hal_sram.c.obj
 .debug_abbrev  0x0000000000000a8f      0x262 cmake/stm32cubemx/CMakeFiles/STM32_Drivers.dir/__/__/Drivers/STM32F4xx_HAL_Driver/Src/stm32f4xx_hal_rcc.c.obj
 .debug_abbrev  0x0000000000000cf1      0x1c4 cmake/stm32cubemx/CMakeFiles/STM32_Drivers.dir/__/__/Drivers/STM32F4xx_HAL_Driver/Src/stm32f4xx_hal_gpio.c.obj
 .debug_abbrev  0x0000000000000eb5      0x30d cmake/stm32cubemx/CMakeFiles/STM32_Drivers.dir/__/__/Drivers/STM32F4xx_HAL_Driver/Src/stm32f4xx_hal_cortex.c.obj
 .debug_abbrev  0x00000000000011c2      0x1da cmake/stm32cubemx/CMakeFiles/STM32_Drivers.dir/__/__/Drivers/STM32F4xx_HAL_Driver/Src/stm32f4xx_hal.c.obj
 .debug_abbrev  0x000000000000139c      0x238 cmake/stm32cubemx/CMakeFiles/STM32_Drivers.dir/__/__/Drivers/STM32F4xx_HAL_Driver/Src/stm32f4xx_hal_tim.c.obj
 .debug_abbrev  0x00000000000015d4      0x240 cmake/stm32cubemx/CMakeFiles/STM32_Drivers.dir/__/__/Drivers/STM32F4xx_HAL_Driver/Src/stm32f4xx_hal_tim_ex.c.obj
 .debug_abbrev  0x0000000000001814       0x14 /usr/lib/gcc/arm-none-eabi/10.3.1/thumb/v7e-m+fp/hard/libgcc.a(_aeabi_uldivmod.o)
 .debug_abbrev  0x0000000000001828      0x163 /usr/lib/gcc/arm-none-eabi/10.3.1/thumb/v7e-m+fp/hard/libgcc.a(_udivmoddi4.o)
 .debug_abbrev  0x000000000000198b       0x14 /usr/lib/gcc/arm-none-eabi/10.3.1/thumb/v7e-m+fp/hard/libgcc.a(_dvmd_tls.o)

.debug_loc      0x0000000000000000     0x12f5
 .debug_loc     0x0000000000000000       0xba /usr/lib/gcc/arm-none-eabi/10.3.1/../../../arm-none-eabi/lib/thumb/v7e-m+fp/hard/libc_nano.a(lib_a-init.o)
 .debug_loc     0x00000000000000ba      0x22c /usr/lib/gcc/arm-none-eabi/10.3.1/../../../arm-none-eabi/lib/thumb/v7e-m+fp/hard/libc_nano.a(lib_a-memset.o)
 .debug_loc     0x00000000000002e6     0x100f /usr/lib/gcc/arm-none-eabi/10.3.1/thumb/v7e-m+fp/hard/libgcc.a(_udivmoddi4.o)

.debug_aranges  0x0000000000000000      0xba0
 .debug_aranges
                0x0000000000000000       0x20 /usr/lib/gcc/arm-none-eabi/10.3.1/../../../arm-none-eabi/lib/thumb/v7e-m+fp/hard/libc_nano.a(lib_a-init.o)
 .debug_aranges
                0x0000000000000020       0x20 /usr/lib/gcc/arm-none-eabi/10.3.1/../../../arm-none-eabi/lib/thumb/v7e-m+fp/hard/libc_nano.a(lib_a-memset.o)
 .debug_aranges
                0x0000000000000040       0x68 CMakeFiles/application.dir/Core/Src/main.c.obj
 .debug_aranges
                0x00000000000000a8       0x60 CMakeFiles/application.dir/Core/Src/stm32f4xx_it.c.obj
 .debug_aranges
                0x0000000000000108       0x50 CMakeFiles/application.dir/Core/Src/stm32f4xx_hal_msp.c.obj
 .debug_aranges
                0x0000000000000158       0x28 CMakeFiles/application.dir/startup_stm32f407xx.s.obj
 .debug_aranges
                0x0000000000000180       0x28 cmake/stm32cubemx/CMakeFiles/STM32_Drivers.dir/__/__/Core/Src/system_stm32f4xx.c.obj
 .debug_aranges
                0x00000000000001a8       0xa8 cmake/stm32cubemx/CMakeFiles/STM32_Drivers.dir/__/__/Drivers/STM32F4xx_HAL_Driver/Src/stm32f4xx_ll_fsmc.c.obj
 .debug_aranges
                0x0000000000000250       0xb8 cmake/stm32cubemx/CMakeFiles/STM32_Drivers.dir/__/__/Drivers/STM32F4xx_HAL_Driver/Src/stm32f4xx_hal_sram.c.obj
 .debug_aranges
                0x0000000000000308       0x88 cmake/stm32cubemx/CMakeFiles/STM32_Drivers.dir/__/__/Drivers/STM32F4xx_HAL_Driver/Src/stm32f4xx_hal_rcc.c.obj
 .debug_aranges
                0x0000000000000390       0x58 cmake/stm32cubemx/CMakeFiles/STM32_Drivers.dir/__/__/Drivers/STM32F4xx_HAL_Driver/Src/stm32f4xx_hal_gpio.c.obj
 .debug_aranges
                0x00000000000003e8      0x130 cmake/stm32cubemx/CMakeFiles/STM32_Drivers.dir/__/__/Drivers/STM32F4xx_HAL_Driver/Src/stm32f4xx_hal_cortex.c.obj
 .debug_aranges
                0x0000000000000518       0xf0 cmake/stm32cubemx/CMakeFiles/STM32_Drivers.dir/__/__/Drivers/STM32F4xx_HAL_Driver/Src/stm32f4xx_hal.c.obj
 .debug_aranges
                0x0000000000000608      0x3d0 cmake/stm32cubemx/CMakeFiles/STM32_Drivers.dir/__/__/Drivers/STM32F4xx_HAL_Driver/Src/stm32f4xx_hal_tim.c.obj
 .debug_aranges
                0x00000000000009d8      0x168 cmake/stm32cubemx/CMakeFiles/STM32_Drivers.dir/__/__/Drivers/STM32F4xx_HAL_Driver/Src/stm32f4xx_hal_tim_ex.c.obj
 .debug_aranges
                0x0000000000000b40       0x20 /usr/lib/gcc/arm-none-eabi/10.3.1/thumb/v7e-m+fp/hard/libgcc.a(_aeabi_uldivmod.o)
 .debug_aranges
                0x0000000000000b60       0x20 /usr/lib/gcc/arm-none-eabi/10.3.1/thumb/v7e-m+fp/hard/libgcc.a(_udivmoddi4.o)
 .debug_aranges
                0x0000000000000b80       0x20 /usr/lib/gcc/arm-none-eabi/10.3.1/thumb/v7e-m+fp/hard/libgcc.a(_dvmd_tls.o)

.debug_line     0x0000000000000000     0xac4f
 .debug_line    0x0000000000000000      0x138 /usr/lib/gcc/arm-none-eabi/10.3.1/../../../arm-none-eabi/lib/thumb/v7e-m+fp/hard/libc_nano.a(lib_a-init.o)
 .debug_line    0x0000000000000138      0x1bf /usr/lib/gcc/arm-none-eabi/10.3.1/../../../arm-none-eabi/lib/thumb/v7e-m+fp/hard/libc_nano.a(lib_a-memset.o)
 .debug_line    0x00000000000002f7      0x80c CMakeFiles/application.dir/Core/Src/main.c.obj
 .debug_line    0x0000000000000b03      0x5e1 CMakeFiles/application.dir/Core/Src/stm32f4xx_it.c.obj
 .debug_line    0x00000000000010e4      0x610 CMakeFiles/application.dir/Core/Src/stm32f4xx_hal_msp.c.obj
 .debug_line    0x00000000000016f4       0xb0 CMakeFiles/application.dir/startup_stm32f407xx.s.obj
 .debug_line    0x00000000000017a4      0x5a0 cmake/stm32cubemx/CMakeFiles/STM32_Drivers.dir/__/__/Core/Src/system_stm32f4xx.c.obj
 .debug_line    0x0000000000001d44      0x82a cmake/stm32cubemx/CMakeFiles/STM32_Drivers.dir/__/__/Drivers/STM32F4xx_HAL_Driver/Src/stm32f4xx_ll_fsmc.c.obj
 .debug_line    0x000000000000256e      0xb2f cmake/stm32cubemx/CMakeFiles/STM32_Drivers.dir/__/__/Drivers/STM32F4xx_HAL_Driver/Src/stm32f4xx_hal_sram.c.obj
 .debug_line    0x000000000000309d      0xb9a cmake/stm32cubemx/CMakeFiles/STM32_Drivers.dir/__/__/Drivers/STM32F4xx_HAL_Driver/Src/stm32f4xx_hal_rcc.c.obj
 .debug_line    0x0000000000003c37      0x97a cmake/stm32cubemx/CMakeFiles/STM32_Drivers.dir/__/__/Drivers/STM32F4xx_HAL_Driver/Src/stm32f4xx_hal_gpio.c.obj
 .debug_line    0x00000000000045b1      0xb00 cmake/stm32cubemx/CMakeFiles/STM32_Drivers.dir/__/__/Drivers/STM32F4xx_HAL_Driver/Src/stm32f4xx_hal_cortex.c.obj
 .debug_line    0x00000000000050b1      0x806 cmake/stm32cubemx/CMakeFiles/STM32_Drivers.dir/__/__/Drivers/STM32F4xx_HAL_Driver/Src/stm32f4xx_hal.c.obj
 .debug_line    0x00000000000058b7     0x3531 cmake/stm32cubemx/CMakeFiles/STM32_Drivers.dir/__/__/Drivers/STM32F4xx_HAL_Driver/Src/stm32f4xx_hal_tim.c.obj
 .debug_line    0x0000000000008de8     0x17f9 cmake/stm32cubemx/CMakeFiles/STM32_Drivers.dir/__/__/Drivers/STM32F4xx_HAL_Driver/Src/stm32f4xx_hal_tim_ex.c.obj
 .debug_line    0x000000000000a5e1       0x60 /usr/lib/gcc/arm-none-eabi/10.3.1/thumb/v7e-m+fp/hard/libgcc.a(_aeabi_uldivmod.o)
 .debug_line    0x000000000000a641      0x5ae /usr/lib/gcc/arm-none-eabi/10.3.1/thumb/v7e-m+fp/hard/libgcc.a(_udivmoddi4.o)
 .debug_line    0x000000000000abef       0x60 /usr/lib/gcc/arm-none-eabi/10.3.1/thumb/v7e-m+fp/hard/libgcc.a(_dvmd_tls.o)

.debug_str      0x0000000000000000    0xc8da6
 .debug_str     0x0000000000000000      0x17b /usr/lib/gcc/arm-none-eabi/10.3.1/../../../arm-none-eabi/lib/thumb/v7e-m+fp/hard/libc_nano.a(lib_a-init.o)
                                        0x20b (size before relaxing)
 .debug_str     0x000000000000017b       0xb1 /usr/lib/gcc/arm-none-eabi/10.3.1/../../../arm-none-eabi/lib/thumb/v7e-m+fp/hard/libc_nano.a(lib_a-memset.o)
                                        0x1c0 (size before relaxing)
 .debug_str     0x000000000000022c    0xc52e1 CMakeFiles/application.dir/Core/Src/main.c.obj
                                      0xc56b5 (size before relaxing)
 .debug_str     0x00000000000c550d       0xf4 CMakeFiles/application.dir/Core/Src/stm32f4xx_it.c.obj
                                      0xc4b0e (size before relaxing)
 .debug_str     0x00000000000c5601      0x10b CMakeFiles/application.dir/Core/Src/stm32f4xx_hal_msp.c.obj
                                      0xc5387 (size before relaxing)
 .debug_str     0x00000000000c570c       0x5c CMakeFiles/application.dir/startup_stm32f407xx.s.obj
                                         0x9c (size before relaxing)
 .debug_str     0x00000000000c5768      0x164 cmake/stm32cubemx/CMakeFiles/STM32_Drivers.dir/__/__/Core/Src/system_stm32f4xx.c.obj
                                      0xc4a49 (size before relaxing)
 .debug_str     0x00000000000c58cc      0x61c cmake/stm32cubemx/CMakeFiles/STM32_Drivers.dir/__/__/Drivers/STM32F4xx_HAL_Driver/Src/stm32f4xx_ll_fsmc.c.obj
                                      0xc52b2 (size before relaxing)
 .debug_str     0x00000000000c5ee8      0x22f cmake/stm32cubemx/CMakeFiles/STM32_Drivers.dir/__/__/Drivers/STM32F4xx_HAL_Driver/Src/stm32f4xx_hal_sram.c.obj
                                      0xc4f83 (size before relaxing)
 .debug_str     0x00000000000c6117      0x2bc cmake/stm32cubemx/CMakeFiles/STM32_Drivers.dir/__/__/Drivers/STM32F4xx_HAL_Driver/Src/stm32f4xx_hal_rcc.c.obj
                                      0xc4e40 (size before relaxing)
 .debug_str     0x00000000000c63d3      0x182 cmake/stm32cubemx/CMakeFiles/STM32_Drivers.dir/__/__/Drivers/STM32F4xx_HAL_Driver/Src/stm32f4xx_hal_gpio.c.obj
                                      0xc4bb9 (size before relaxing)
 .debug_str     0x00000000000c6555      0x8f7 cmake/stm32cubemx/CMakeFiles/STM32_Drivers.dir/__/__/Drivers/STM32F4xx_HAL_Driver/Src/stm32f4xx_hal_cortex.c.obj
                                      0xc533f (size before relaxing)
 .debug_str     0x00000000000c6e4c      0x5e3 cmake/stm32cubemx/CMakeFiles/STM32_Drivers.dir/__/__/Drivers/STM32F4xx_HAL_Driver/Src/stm32f4xx_hal.c.obj
                                      0xc5588 (size before relaxing)
 .debug_str     0x00000000000c742f      0xe38 cmake/stm32cubemx/CMakeFiles/STM32_Drivers.dir/__/__/Drivers/STM32F4xx_HAL_Driver/Src/stm32f4xx_hal_tim.c.obj
                                      0xc5d49 (size before relaxing)
 .debug_str     0x00000000000c8267      0x525 cmake/stm32cubemx/CMakeFiles/STM32_Drivers.dir/__/__/Drivers/STM32F4xx_HAL_Driver/Src/stm32f4xx_hal_tim_ex.c.obj
                                      0xc54ea (size before relaxing)
 .debug_str     0x00000000000c878c       0xa6 /usr/lib/gcc/arm-none-eabi/10.3.1/thumb/v7e-m+fp/hard/libgcc.a(_aeabi_uldivmod.o)
 .debug_str     0x00000000000c8832      0x544 /usr/lib/gcc/arm-none-eabi/10.3.1/thumb/v7e-m+fp/hard/libgcc.a(_udivmoddi4.o)
                                        0x647 (size before relaxing)
 .debug_str     0x00000000000c8d76       0x30 /usr/lib/gcc/arm-none-eabi/10.3.1/thumb/v7e-m+fp/hard/libgcc.a(_dvmd_tls.o)
                                         0xaa (size before relaxing)

.debug_frame    0x0000000000000000     0x2e24
 .debug_frame   0x0000000000000000       0x2c /usr/lib/gcc/arm-none-eabi/10.3.1/../../../arm-none-eabi/lib/thumb/v7e-m+fp/hard/libc_nano.a(lib_a-init.o)
 .debug_frame   0x000000000000002c       0x2c /usr/lib/gcc/arm-none-eabi/10.3.1/../../../arm-none-eabi/lib/thumb/v7e-m+fp/hard/libc_nano.a(lib_a-memset.o)
 .debug_frame   0x0000000000000058      0x164 CMakeFiles/application.dir/Core/Src/main.c.obj
 .debug_frame   0x00000000000001bc      0x104 CMakeFiles/application.dir/Core/Src/stm32f4xx_it.c.obj
 .debug_frame   0x00000000000002c0      0x110 CMakeFiles/application.dir/Core/Src/stm32f4xx_hal_msp.c.obj
 .debug_frame   0x00000000000003d0       0x58 cmake/stm32cubemx/CMakeFiles/STM32_Drivers.dir/__/__/Core/Src/system_stm32f4xx.c.obj
 .debug_frame   0x0000000000000428      0x2dc cmake/stm32cubemx/CMakeFiles/STM32_Drivers.dir/__/__/Drivers/STM32F4xx_HAL_Driver/Src/stm32f4xx_ll_fsmc.c.obj
 .debug_frame   0x0000000000000704      0x30c cmake/stm32cubemx/CMakeFiles/STM32_Drivers.dir/__/__/Drivers/STM32F4xx_HAL_Driver/Src/stm32f4xx_hal_sram.c.obj
 .debug_frame   0x0000000000000a10      0x1f4 cmake/stm32cubemx/CMakeFiles/STM32_Drivers.dir/__/__/Drivers/STM32F4xx_HAL_Driver/Src/stm32f4xx_hal_rcc.c.obj
 .debug_frame   0x0000000000000c04      0x14c cmake/stm32cubemx/CMakeFiles/STM32_Drivers.dir/__/__/Drivers/STM32F4xx_HAL_Driver/Src/stm32f4xx_hal_gpio.c.obj
 .debug_frame   0x0000000000000d50      0x508 cmake/stm32cubemx/CMakeFiles/STM32_Drivers.dir/__/__/Drivers/STM32F4xx_HAL_Driver/Src/stm32f4xx_hal_cortex.c.obj
 .debug_frame   0x0000000000001258      0x374 cmake/stm32cubemx/CMakeFiles/STM32_Drivers.dir/__/__/Drivers/STM32F4xx_HAL_Driver/Src/stm32f4xx_hal.c.obj
 .debug_frame   0x00000000000015cc     0x11c0 cmake/stm32cubemx/CMakeFiles/STM32_Drivers.dir/__/__/Drivers/STM32F4xx_HAL_Driver/Src/stm32f4xx_hal_tim.c.obj
 .debug_frame   0x000000000000278c      0x638 cmake/stm32cubemx/CMakeFiles/STM32_Drivers.dir/__/__/Drivers/STM32F4xx_HAL_Driver/Src/stm32f4xx_hal_tim_ex.c.obj
 .debug_frame   0x0000000000002dc4       0x2c /usr/lib/gcc/arm-none-eabi/10.3.1/thumb/v7e-m+fp/hard/libgcc.a(_aeabi_uldivmod.o)
 .debug_frame   0x0000000000002df0       0x34 /usr/lib/gcc/arm-none-eabi/10.3.1/thumb/v7e-m+fp/hard/libgcc.a(_udivmoddi4.o)

.debug_ranges   0x0000000000000000      0xb20
 .debug_ranges  0x0000000000000000       0x58 CMakeFiles/application.dir/Core/Src/main.c.obj
 .debug_ranges  0x0000000000000058       0x50 CMakeFiles/application.dir/Core/Src/stm32f4xx_it.c.obj
 .debug_ranges  0x00000000000000a8       0x40 CMakeFiles/application.dir/Core/Src/stm32f4xx_hal_msp.c.obj
 .debug_ranges  0x00000000000000e8       0x20 CMakeFiles/application.dir/startup_stm32f407xx.s.obj
 .debug_ranges  0x0000000000000108       0x18 cmake/stm32cubemx/CMakeFiles/STM32_Drivers.dir/__/__/Core/Src/system_stm32f4xx.c.obj
 .debug_ranges  0x0000000000000120       0x98 cmake/stm32cubemx/CMakeFiles/STM32_Drivers.dir/__/__/Drivers/STM32F4xx_HAL_Driver/Src/stm32f4xx_ll_fsmc.c.obj
 .debug_ranges  0x00000000000001b8       0xa8 cmake/stm32cubemx/CMakeFiles/STM32_Drivers.dir/__/__/Drivers/STM32F4xx_HAL_Driver/Src/stm32f4xx_hal_sram.c.obj
 .debug_ranges  0x0000000000000260       0x78 cmake/stm32cubemx/CMakeFiles/STM32_Drivers.dir/__/__/Drivers/STM32F4xx_HAL_Driver/Src/stm32f4xx_hal_rcc.c.obj
 .debug_ranges  0x00000000000002d8       0x48 cmake/stm32cubemx/CMakeFiles/STM32_Drivers.dir/__/__/Drivers/STM32F4xx_HAL_Driver/Src/stm32f4xx_hal_gpio.c.obj
 .debug_ranges  0x0000000000000320      0x120 cmake/stm32cubemx/CMakeFiles/STM32_Drivers.dir/__/__/Drivers/STM32F4xx_HAL_Driver/Src/stm32f4xx_hal_cortex.c.obj
 .debug_ranges  0x0000000000000440       0xe0 cmake/stm32cubemx/CMakeFiles/STM32_Drivers.dir/__/__/Drivers/STM32F4xx_HAL_Driver/Src/stm32f4xx_hal.c.obj
 .debug_ranges  0x0000000000000520      0x3c0 cmake/stm32cubemx/CMakeFiles/STM32_Drivers.dir/__/__/Drivers/STM32F4xx_HAL_Driver/Src/stm32f4xx_hal_tim.c.obj
 .debug_ranges  0x00000000000008e0      0x158 cmake/stm32cubemx/CMakeFiles/STM32_Drivers.dir/__/__/Drivers/STM32F4xx_HAL_Driver/Src/stm32f4xx_hal_tim_ex.c.obj
 .debug_ranges  0x0000000000000a38       0xe8 /usr/lib/gcc/arm-none-eabi/10.3.1/thumb/v7e-m+fp/hard/libgcc.a(_udivmoddi4.o)

.debug_macro    0x0000000000000000    0x20161
 .debug_macro   0x0000000000000000      0x1ba CMakeFiles/application.dir/Core/Src/main.c.obj
 .debug_macro   0x00000000000001ba      0xa78 CMakeFiles/application.dir/Core/Src/main.c.obj
 .debug_macro   0x0000000000000c32      0x29b CMakeFiles/application.dir/Core/Src/main.c.obj
 .debug_macro   0x0000000000000ecd       0x2e CMakeFiles/application.dir/Core/Src/main.c.obj
 .debug_macro   0x0000000000000efb       0x2f CMakeFiles/application.dir/Core/Src/main.c.obj
 .debug_macro   0x0000000000000f2a      0x34e CMakeFiles/application.dir/Core/Src/main.c.obj
 .debug_macro   0x0000000000001278       0x1c CMakeFiles/application.dir/Core/Src/main.c.obj
 .debug_macro   0x0000000000001294       0x22 CMakeFiles/application.dir/Core/Src/main.c.obj
 .debug_macro   0x00000000000012b6       0xfb CMakeFiles/application.dir/Core/Src/main.c.obj
 .debug_macro   0x00000000000013b1     0x1011 CMakeFiles/application.dir/Core/Src/main.c.obj
 .debug_macro   0x00000000000023c2      0x11f CMakeFiles/application.dir/Core/Src/main.c.obj
 .debug_macro   0x00000000000024e1    0x15e97 CMakeFiles/application.dir/Core/Src/main.c.obj
 .debug_macro   0x0000000000018378       0x6d CMakeFiles/application.dir/Core/Src/main.c.obj
 .debug_macro   0x00000000000183e5     0x369a CMakeFiles/application.dir/Core/Src/main.c.obj
 .debug_macro   0x000000000001ba7f      0x174 CMakeFiles/application.dir/Core/Src/main.c.obj
 .debug_macro   0x000000000001bbf3       0x5c CMakeFiles/application.dir/Core/Src/main.c.obj
 .debug_macro   0x000000000001bc4f      0x980 CMakeFiles/application.dir/Core/Src/main.c.obj
 .debug_macro   0x000000000001c5cf      0x9e9 CMakeFiles/application.dir/Core/Src/main.c.obj
 .debug_macro   0x000000000001cfb8      0x115 CMakeFiles/application.dir/Core/Src/main.c.obj
 .debug_macro   0x000000000001d0cd      0x13e CMakeFiles/application.dir/Core/Src/main.c.obj
 .debug_macro   0x000000000001d20b       0xa5 CMakeFiles/application.dir/Core/Src/main.c.obj
 .debug_macro   0x000000000001d2b0      0x174 CMakeFiles/application.dir/Core/Src/main.c.obj
 .debug_macro   0x000000000001d424      0x287 CMakeFiles/application.dir/Core/Src/main.c.obj
 .debug_macro   0x000000000001d6ab       0x5f CMakeFiles/application.dir/Core/Src/main.c.obj
 .debug_macro   0x000000000001d70a      0x236 CMakeFiles/application.dir/Core/Src/main.c.obj
 .debug_macro   0x000000000001d940      0x12c CMakeFiles/application.dir/Core/Src/main.c.obj
 .debug_macro   0x000000000001da6c      0x21e CMakeFiles/application.dir/Core/Src/main.c.obj
 .debug_macro   0x000000000001dc8a       0x2e CMakeFiles/application.dir/Core/Src/main.c.obj
 .debug_macro   0x000000000001dcb8      0x516 CMakeFiles/application.dir/Core/Src/main.c.obj
 .debug_macro   0x000000000001e1ce      0x127 CMakeFiles/application.dir/Core/Src/main.c.obj
 .debug_macro   0x000000000001e2f5       0x7e CMakeFiles/application.dir/Core/Src/main.c.obj
 .debug_macro   0x000000000001e373       0x89 CMakeFiles/application.dir/Core/Src/main.c.obj
 .debug_macro   0x000000000001e3fc      0x8ed CMakeFiles/application.dir/Core/Src/main.c.obj
 .debug_macro   0x000000000001ece9       0x4d CMakeFiles/application.dir/Core/Src/main.c.obj
 .debug_macro   0x000000000001ed36      0x12d CMakeFiles/application.dir/Core/Src/main.c.obj
 .debug_macro   0x000000000001ee63       0x7c CMakeFiles/application.dir/Core/Src/main.c.obj
 .debug_macro   0x000000000001eedf       0x22 CMakeFiles/application.dir/Core/Src/main.c.obj
 .debug_macro   0x000000000001ef01      0x1af CMakeFiles/application.dir/Core/Src/stm32f4xx_it.c.obj
 .debug_macro   0x000000000001f0b0      0x1a5 CMakeFiles/application.dir/Core/Src/stm32f4xx_hal_msp.c.obj
 .debug_macro   0x000000000001f255      0x196 cmake/stm32cubemx/CMakeFiles/STM32_Drivers.dir/__/__/Core/Src/system_stm32f4xx.c.obj
 .debug_macro   0x000000000001f3eb      0x1d1 cmake/stm32cubemx/CMakeFiles/STM32_Drivers.dir/__/__/Drivers/STM32F4xx_HAL_Driver/Src/stm32f4xx_ll_fsmc.c.obj
 .debug_macro   0x000000000001f5bc      0x196 cmake/stm32cubemx/CMakeFiles/STM32_Drivers.dir/__/__/Drivers/STM32F4xx_HAL_Driver/Src/stm32f4xx_hal_sram.c.obj
 .debug_macro   0x000000000001f752      0x1ba cmake/stm32cubemx/CMakeFiles/STM32_Drivers.dir/__/__/Drivers/STM32F4xx_HAL_Driver/Src/stm32f4xx_hal_rcc.c.obj
 .debug_macro   0x000000000001f90c      0x19c cmake/stm32cubemx/CMakeFiles/STM32_Drivers.dir/__/__/Drivers/STM32F4xx_HAL_Driver/Src/stm32f4xx_hal_gpio.c.obj
 .debug_macro   0x000000000001faa8      0x196 cmake/stm32cubemx/CMakeFiles/STM32_Drivers.dir/__/__/Drivers/STM32F4xx_HAL_Driver/Src/stm32f4xx_hal_cortex.c.obj
 .debug_macro   0x000000000001fc3e      0x1f6 cmake/stm32cubemx/CMakeFiles/STM32_Drivers.dir/__/__/Drivers/STM32F4xx_HAL_Driver/Src/stm32f4xx_hal.c.obj
 .debug_macro   0x000000000001fe34      0x197 cmake/stm32cubemx/CMakeFiles/STM32_Drivers.dir/__/__/Drivers/STM32F4xx_HAL_Driver/Src/stm32f4xx_hal_tim.c.obj
 .debug_macro   0x000000000001ffcb      0x196 cmake/stm32cubemx/CMakeFiles/STM32_Drivers.dir/__/__/Drivers/STM32F4xx_HAL_Driver/Src/stm32f4xx_hal_tim_ex.c.obj
